******************************************************************************
                  TI ARM Linker Unix v16.9.1                   
******************************************************************************
>> Linked Fri May 11 18:29:30 2018

OUTPUT FILE NAME:   <Apex_Traffic_Controller.out>
ENTRY POINT SYMBOL: "_c_int00"  address: 000024b9


MEMORY CONFIGURATION

         name            origin    length      used     unused   attr    fill
----------------------  --------  ---------  --------  --------  ----  --------
  FLASH                 00000000   00040000  0000279a  0003d866  R  X
  SRAM                  20000000   00008000  00000342  00007cbe  RW X


SEGMENT ALLOCATION MAP

run origin  load origin   length   init length attrs members
----------  ----------- ---------- ----------- ----- -------
00000000    00000000    000027a0   000027a0    r-x
  00000000    00000000    0000026c   0000026c    r-- .intvecs
  0000026c    0000026c    0000243e   0000243e    r-x .text
  000026b0    000026b0    00000030   00000030    r-- .const
  000026e0    000026e0    000000c0   000000c0    r-- .cinit
20000000    20000000    00000342   00000000    rw-
  20000000    20000000    00000200   00000000    rw- .stack
  20000200    20000200    00000120   00000000    rw- .data
  20000320    20000320    00000022   00000000    rw- .bss


SECTION ALLOCATION MAP

 output                                  attributes/
section   page    origin      length       input sections
--------  ----  ----------  ----------   ----------------
.intvecs   0    00000000    0000026c     
                  00000000    0000026c     tm4c123gh6pm_startup_ccs.obj (.intvecs)

.text      0    0000026c    0000243e     
                  0000026c    00000e10     main.obj (.text)
                  0000107c    000009ac     rtsv7M4_T_le_v4SPD16_eabi.lib : e_pow.obj (.text)
                  00001a28    000001b6                                   : fd_add_t2.obj (.text)
                  00001bde    00000002                                   : mpu_init.obj (.text)
                  00001be0    00000170                                   : e_sqrt.obj (.text)
                  00001d50    00000136                                   : fd_div_t2.obj (.text)
                  00001e86    000000fc                                   : fd_mul_t2.obj (.text)
                  00001f82    00000002                                   : startup.obj (.text)
                  00001f84    000000fc                                   : s_scalbn.obj (.text)
                  00002080    000000ac     SysTick_16.obj (.text)
                  0000212c    0000009c     rtsv7M4_T_le_v4SPD16_eabi.lib : memcpy_t2.obj (.text)
                  000021c8    00000090     queue.obj (.text)
                  00002258    00000086     rtsv7M4_T_le_v4SPD16_eabi.lib : fd_cmp_t2.obj (.text:__aeabi_cdcmple)
                  000022de    00000086                                   : fd_cmp_t2.obj (.text:__aeabi_cdrcmple)
                  00002364    0000007a                                   : memset_t2.obj (.text)
                  000023de    00000002     --HOLE-- [fill = 0]
                  000023e0    00000070                                   : autoinit.obj (.text)
                  00002450    00000068                                   : copy_decompress_lzss.obj (.text:decompress:lzss)
                  000024b8    00000054                                   : boot.obj (.text)
                  0000250c    00000054                                   : exit.obj (.text)
                  00002560    0000004c                                   : cpy_tbl.obj (.text)
                  000025ac    00000044                                   : fd_tou_t2.obj (.text)
                  000025f0    0000002e                                   : i_tofd_t2.obj (.text)
                  0000261e    00000020                                   : u_tofd_t2.obj (.text)
                  0000263e    00000002     --HOLE-- [fill = 0]
                  00002640    00000018                                   : args_main.obj (.text)
                  00002658    00000014                                   : _lock.obj (.text)
                  0000266c    00000014                                   : s_copysign.obj (.text)
                  00002680    0000000e                                   : copy_decompress_none.obj (.text:decompress:none)
                  0000268e    0000000c                                   : copy_zero_init.obj (.text:decompress:ZI)
                  0000269a    0000000c     tm4c123gh6pm_startup_ccs.obj (.text)
                  000026a6    00000004     rtsv7M4_T_le_v4SPD16_eabi.lib : pre_init.obj (.text)

.const     0    000026b0    00000030     
                  000026b0    00000030     rtsv7M4_T_le_v4SPD16_eabi.lib : e_pow.obj (.const:$O1$$)

.cinit     0    000026e0    000000c0     
                  000026e0    0000009c     (.cinit..data.load) [load image, compression = lzss]
                  0000277c    0000000c     (__TI_handler_table)
                  00002788    00000008     (.cinit..bss.load) [load image, compression = zero_init]
                  00002790    00000010     (__TI_cinit_table)

.init_array 
*          0    00000000    00000000     UNINITIALIZED

.data      0    20000200    00000120     UNINITIALIZED
                  20000200    00000040     main.obj (.data:A3)
                  20000240    00000010     main.obj (.data:A2)
                  20000250    00000010     main.obj (.data:LED_state)
                  20000260    0000000c     rtsv7M4_T_le_v4SPD16_eabi.lib : exit.obj (.data:$O1$$)
                  2000026c    0000000c     main.obj (.data:A4)
                  20000278    0000000c     main.obj (.data:A5)
                  20000284    0000000c     main.obj (.data:LED_1_g)
                  20000290    0000000c     main.obj (.data:LED_1_x)
                  2000029c    0000000c     main.obj (.data:LED_2_g)
                  200002a8    0000000c     main.obj (.data:LED_2_x)
                  200002b4    0000000c     main.obj (.data:LED_3_g)
                  200002c0    0000000c     main.obj (.data:LED_3_x)
                  200002cc    0000000c     main.obj (.data:LED_4_g)
                  200002d8    0000000c     main.obj (.data:LED_4_x)
                  200002e4    0000000c     main.obj (.data:anode)
                  200002f0    0000000c     main.obj (.data)
                  200002fc    0000000c     queue.obj (.data)
                  20000308    00000008     rtsv7M4_T_le_v4SPD16_eabi.lib : _lock.obj (.data:$O1$$)
                  20000310    00000008     main.obj (.data:A1)
                  20000318    00000004     rtsv7M4_T_le_v4SPD16_eabi.lib : errno.obj (.data)
                  2000031c    00000004                                   : stkdepth_vars.obj (.data)

.bss       0    20000320    00000022     UNINITIALIZED
                  20000320    00000008     (.common:intArray)
                  20000328    00000008     (.common:states)
                  20000330    00000004     (.common:average_1)
                  20000334    00000004     (.common:average_2)
                  20000338    00000004     (.common:jump_timer)
                  2000033c    00000002     (.common:jump_flag)
                  2000033e    00000002     (.common:jump_start)
                  20000340    00000001     (.common:flag)
                  20000341    00000001     (.common:rv)

.stack     0    20000000    00000200     UNINITIALIZED
                  20000000    00000200     --HOLE--

MODULE SUMMARY

       Module                         code   ro data   rw data
       ------                         ----   -------   -------
    ./
       main.obj                       3600   0         274    
       tm4c123gh6pm_startup_ccs.obj   12     620       0      
       SysTick_16.obj                 172    0         0      
       queue.obj                      144    0         20     
    +--+------------------------------+------+---------+---------+
       Total:                         3928   620       294    
                                                              
    /opt/ti/ccsv7/tools/compiler/ti-cgt-arm_16.9.1.LTS/lib/rtsv7M4_T_le_v4SPD16_eabi.lib
       e_pow.obj                      2476   48        0      
       fd_add_t2.obj                  438    0         0      
       e_sqrt.obj                     368    0         0      
       fd_div_t2.obj                  310    0         0      
       fd_cmp_t2.obj                  268    0         0      
       fd_mul_t2.obj                  252    0         0      
       s_scalbn.obj                   252    0         0      
       memcpy_t2.obj                  156    0         0      
       memset_t2.obj                  122    0         0      
       autoinit.obj                   112    0         0      
       copy_decompress_lzss.obj       104    0         0      
       exit.obj                       84     0         12     
       boot.obj                       84     0         0      
       cpy_tbl.obj                    76     0         0      
       fd_tou_t2.obj                  68     0         0      
       i_tofd_t2.obj                  46     0         0      
       u_tofd_t2.obj                  32     0         0      
       _lock.obj                      20     0         8      
       args_main.obj                  24     0         0      
       s_copysign.obj                 20     0         0      
       copy_decompress_none.obj       14     0         0      
       copy_zero_init.obj             12     0         0      
       errno.obj                      0      0         4      
       pre_init.obj                   4      0         0      
       stkdepth_vars.obj              0      0         4      
       mpu_init.obj                   2      0         0      
       startup.obj                    2      0         0      
    +--+------------------------------+------+---------+---------+
       Total:                         5346   48        28     
                                                              
       Stack:                         0      0         512    
       Linker Generated:              0      192       0      
    +--+------------------------------+------+---------+---------+
       Grand Total:                   9274   860       834    


LINKER GENERATED COPY TABLES

__TI_cinit_table @ 00002790 records: 2, size/record: 8, table size: 16
	.data: load addr=000026e0, load size=0000009c bytes, run addr=20000200, run size=00000120 bytes, compression=lzss
	.bss: load addr=00002788, load size=00000008 bytes, run addr=20000320, run size=00000022 bytes, compression=zero_init


LINKER GENERATED HANDLER TABLE

__TI_handler_table @ 0000277c records: 3, size/record: 4, table size: 12
	index: 0, handler: __TI_decompress_lzss
	index: 1, handler: __TI_decompress_none
	index: 2, handler: __TI_zero_init


GLOBAL SYMBOLS: SORTED ALPHABETICALLY BY Name 

address   name                           
-------   ----                           
20000310  A1                             
20000240  A2                             
20000200  A3                             
2000026c  A4                             
20000278  A5                             
0000250d  C$$EXIT                        
200002f0  Counts                         
00000d01  Data_Display                   
00000311  I2C0_Init                      
00000365  I2C0_send_Recv                 
000003d9  I2C1_Init                      
0000042d  I2C1_send_Recv                 
20000284  LED_1_g                        
20000290  LED_1_x                        
2000029c  LED_2_g                        
200002a8  LED_2_x                        
200002b4  LED_3_g                        
200002c0  LED_3_x                        
200002cc  LED_4_g                        
200002d8  LED_4_x                        
00000ac5  LED_Display                    
00000501  LED_init                       
20000250  LED_state                      
0000269b  ResetISR                       
UNDEFED   SHT$$INIT_ARRAY$$Base          
UNDEFED   SHT$$INIT_ARRAY$$Limit         
000020a1  SysTick_Handler                
00002081  SysTick_Init                   
000020a9  SysTick_Wait                   
000020cf  SysTick_Wait10ms               
000020f5  SysTick_Wait1ms                
000004a1  UART_init                      
0000053d  UART_send                      
20000200  __STACK_END                    
00000200  __STACK_SIZE                   
20000200  __STACK_TOP                    
00002790  __TI_CINIT_Base                
000027a0  __TI_CINIT_Limit               
0000277c  __TI_Handler_Table_Base        
00002788  __TI_Handler_Table_Limit       
000023e1  __TI_auto_init                 
20000260  __TI_cleanup_ptr               
00002451  __TI_decompress_lzss           
00002681  __TI_decompress_none           
20000264  __TI_dtors_ptr                 
20000268  __TI_enable_exit_profile_output
ffffffff  __TI_pprof_out_hndl            
ffffffff  __TI_prof_data_size            
ffffffff  __TI_prof_data_start           
00000000  __TI_static_base__             
0000268f  __TI_zero_init                 
00002259  __aeabi_cdcmpeq                
00002259  __aeabi_cdcmple                
000022df  __aeabi_cdrcmple               
000025ad  __aeabi_d2uiz                  
00001a33  __aeabi_dadd                   
00001d51  __aeabi_ddiv                   
00001e87  __aeabi_dmul                   
00001a29  __aeabi_dsub                   
000025f1  __aeabi_i2d                    
00002365  __aeabi_memclr                 
00002365  __aeabi_memclr4                
00002365  __aeabi_memclr8                
0000212d  __aeabi_memcpy                 
0000212d  __aeabi_memcpy4                
0000212d  __aeabi_memcpy8                
00002367  __aeabi_memset                 
00002367  __aeabi_memset4                
00002367  __aeabi_memset8                
0000261f  __aeabi_ui2d                   
ffffffff  __binit__                      
ffffffff  __c_args__                     
00001bdf  __mpu_init                     
20000000  __stack                        
00002641  _args_main                     
000024b9  _c_int00                       
20000308  _lock                          
00002667  _nop                           
0000265f  _register_lock                 
00002659  _register_unlock               
00001f83  _system_post_cinit             
000026a7  _system_pre_init               
2000030c  _unlock                        
00002511  abort                          
200002e4  anode                          
20000330  average_1                      
20000334  average_2                      
ffffffff  binit                          
00000559  conver                         
00000711  converter_new                  
00002561  copy_in                        
0000266d  copysign                       
0000266d  copysignl                      
0000051b  delay                          
20000318  errno                          
00002519  exit                           
20000340  flag                           
200002fc  front                          
00000000  g_pfnVectors                   
200002f4  i                              
0000026d  init_gpio                      
20000320  intArray                       
000021c9  isFull                         
20000304  itemCount                      
200002f8  j                              
2000033c  jump_flag                      
2000033e  jump_start                     
20000338  jump_timer                     
00001f85  ldexp                          
00001f85  ldexpl                         
00000fb5  main                           
2000031c  main_func_sp                   
0000212d  memcpy                         
0000236d  memset                         
00002215  pop                            
0000107d  pow                            
0000107d  powl                           
00000605  printString                    
000021df  push                           
20000300  rear                           
20000341  rv                             
00001f85  scalbn                         
00001f85  scalbnl                        
00000941  scheduler                      
000007d9  slicer                         
00001be1  sqrt                           
00001be1  sqrtl                          
20000328  states                         
00000679  tostring                       
00000a7d  turn_off                       


GLOBAL SYMBOLS: SORTED BY Symbol Address 

address   name                           
-------   ----                           
00000000  __TI_static_base__             
00000000  g_pfnVectors                   
00000200  __STACK_SIZE                   
0000026d  init_gpio                      
00000311  I2C0_Init                      
00000365  I2C0_send_Recv                 
000003d9  I2C1_Init                      
0000042d  I2C1_send_Recv                 
000004a1  UART_init                      
00000501  LED_init                       
0000051b  delay                          
0000053d  UART_send                      
00000559  conver                         
00000605  printString                    
00000679  tostring                       
00000711  converter_new                  
000007d9  slicer                         
00000941  scheduler                      
00000a7d  turn_off                       
00000ac5  LED_Display                    
00000d01  Data_Display                   
00000fb5  main                           
0000107d  pow                            
0000107d  powl                           
00001a29  __aeabi_dsub                   
00001a33  __aeabi_dadd                   
00001bdf  __mpu_init                     
00001be1  sqrt                           
00001be1  sqrtl                          
00001d51  __aeabi_ddiv                   
00001e87  __aeabi_dmul                   
00001f83  _system_post_cinit             
00001f85  ldexp                          
00001f85  ldexpl                         
00001f85  scalbn                         
00001f85  scalbnl                        
00002081  SysTick_Init                   
000020a1  SysTick_Handler                
000020a9  SysTick_Wait                   
000020cf  SysTick_Wait10ms               
000020f5  SysTick_Wait1ms                
0000212d  __aeabi_memcpy                 
0000212d  __aeabi_memcpy4                
0000212d  __aeabi_memcpy8                
0000212d  memcpy                         
000021c9  isFull                         
000021df  push                           
00002215  pop                            
00002259  __aeabi_cdcmpeq                
00002259  __aeabi_cdcmple                
000022df  __aeabi_cdrcmple               
00002365  __aeabi_memclr                 
00002365  __aeabi_memclr4                
00002365  __aeabi_memclr8                
00002367  __aeabi_memset                 
00002367  __aeabi_memset4                
00002367  __aeabi_memset8                
0000236d  memset                         
000023e1  __TI_auto_init                 
00002451  __TI_decompress_lzss           
000024b9  _c_int00                       
0000250d  C$$EXIT                        
00002511  abort                          
00002519  exit                           
00002561  copy_in                        
000025ad  __aeabi_d2uiz                  
000025f1  __aeabi_i2d                    
0000261f  __aeabi_ui2d                   
00002641  _args_main                     
00002659  _register_unlock               
0000265f  _register_lock                 
00002667  _nop                           
0000266d  copysign                       
0000266d  copysignl                      
00002681  __TI_decompress_none           
0000268f  __TI_zero_init                 
0000269b  ResetISR                       
000026a7  _system_pre_init               
0000277c  __TI_Handler_Table_Base        
00002788  __TI_Handler_Table_Limit       
00002790  __TI_CINIT_Base                
000027a0  __TI_CINIT_Limit               
20000000  __stack                        
20000200  A3                             
20000200  __STACK_END                    
20000200  __STACK_TOP                    
20000240  A2                             
20000250  LED_state                      
20000260  __TI_cleanup_ptr               
20000264  __TI_dtors_ptr                 
20000268  __TI_enable_exit_profile_output
2000026c  A4                             
20000278  A5                             
20000284  LED_1_g                        
20000290  LED_1_x                        
2000029c  LED_2_g                        
200002a8  LED_2_x                        
200002b4  LED_3_g                        
200002c0  LED_3_x                        
200002cc  LED_4_g                        
200002d8  LED_4_x                        
200002e4  anode                          
200002f0  Counts                         
200002f4  i                              
200002f8  j                              
200002fc  front                          
20000300  rear                           
20000304  itemCount                      
20000308  _lock                          
2000030c  _unlock                        
20000310  A1                             
20000318  errno                          
2000031c  main_func_sp                   
20000320  intArray                       
20000328  states                         
20000330  average_1                      
20000334  average_2                      
20000338  jump_timer                     
2000033c  jump_flag                      
2000033e  jump_start                     
20000340  flag                           
20000341  rv                             
ffffffff  __TI_pprof_out_hndl            
ffffffff  __TI_prof_data_size            
ffffffff  __TI_prof_data_start           
ffffffff  __binit__                      
ffffffff  __c_args__                     
ffffffff  binit                          
UNDEFED   SHT$$INIT_ARRAY$$Base          
UNDEFED   SHT$$INIT_ARRAY$$Limit         

[130 symbols]
