******************************************************************************
                  TI ARM Linker Unix v16.9.1                   
******************************************************************************
>> Linked Thu May 24 17:08:26 2018

OUTPUT FILE NAME:   <Apex_Traffic_Controller.out>
ENTRY POINT SYMBOL: "_c_int00"  address: 00002649


MEMORY CONFIGURATION

         name            origin    length      used     unused   attr    fill
----------------------  --------  ---------  --------  --------  ----  --------
  FLASH                 00000000   00040000  00002942  0003d6be  R  X
  SRAM                  20000000   00008000  0000035e  00007ca2  RW X


SEGMENT ALLOCATION MAP

run origin  load origin   length   init length attrs members
----------  ----------- ---------- ----------- ----- -------
00000000    00000000    00002948   00002948    r-x
  00000000    00000000    0000026c   0000026c    r-- .intvecs
  0000026c    0000026c    000025ce   000025ce    r-x .text
  00002840    00002840    00000030   00000030    r-- .const
  00002870    00002870    000000d8   000000d8    r-- .cinit
20000000    20000000    0000035e   00000000    rw-
  20000000    20000000    00000200   00000000    rw- .stack
  20000200    20000200    0000013c   00000000    rw- .data
  2000033c    2000033c    00000022   00000000    rw- .bss


SECTION ALLOCATION MAP

 output                                  attributes/
section   page    origin      length       input sections
--------  ----  ----------  ----------   ----------------
.intvecs   0    00000000    0000026c     
                  00000000    0000026c     tm4c123gh6pm_startup_ccs.obj (.intvecs)

.text      0    0000026c    000025ce     
                  0000026c    00000fa0     main.obj (.text)
                  0000120c    000009ac     rtsv7M4_T_le_v4SPD16_eabi.lib : e_pow.obj (.text)
                  00001bb8    000001b6                                   : fd_add_t2.obj (.text)
                  00001d6e    00000002                                   : mpu_init.obj (.text)
                  00001d70    00000170                                   : e_sqrt.obj (.text)
                  00001ee0    00000136                                   : fd_div_t2.obj (.text)
                  00002016    000000fc                                   : fd_mul_t2.obj (.text)
                  00002112    00000002                                   : startup.obj (.text)
                  00002114    000000fc                                   : s_scalbn.obj (.text)
                  00002210    000000ac     SysTick_16.obj (.text)
                  000022bc    0000009c     rtsv7M4_T_le_v4SPD16_eabi.lib : memcpy_t2.obj (.text)
                  00002358    00000090     queue.obj (.text)
                  000023e8    00000086     rtsv7M4_T_le_v4SPD16_eabi.lib : fd_cmp_t2.obj (.text:__aeabi_cdcmple)
                  0000246e    00000086                                   : fd_cmp_t2.obj (.text:__aeabi_cdrcmple)
                  000024f4    0000007a                                   : memset_t2.obj (.text)
                  0000256e    00000002     --HOLE-- [fill = 0]
                  00002570    00000070                                   : autoinit.obj (.text)
                  000025e0    00000068                                   : copy_decompress_lzss.obj (.text:decompress:lzss)
                  00002648    00000054                                   : boot.obj (.text)
                  0000269c    00000054                                   : exit.obj (.text)
                  000026f0    0000004c                                   : cpy_tbl.obj (.text)
                  0000273c    00000044                                   : fd_tou_t2.obj (.text)
                  00002780    0000002e                                   : i_tofd_t2.obj (.text)
                  000027ae    00000020                                   : u_tofd_t2.obj (.text)
                  000027ce    00000002     --HOLE-- [fill = 0]
                  000027d0    00000018                                   : args_main.obj (.text)
                  000027e8    00000014                                   : _lock.obj (.text)
                  000027fc    00000014                                   : s_copysign.obj (.text)
                  00002810    0000000e                                   : copy_decompress_none.obj (.text:decompress:none)
                  0000281e    0000000c                                   : copy_zero_init.obj (.text:decompress:ZI)
                  0000282a    0000000c     tm4c123gh6pm_startup_ccs.obj (.text)
                  00002836    00000004     rtsv7M4_T_le_v4SPD16_eabi.lib : pre_init.obj (.text)

.const     0    00002840    00000030     
                  00002840    00000030     rtsv7M4_T_le_v4SPD16_eabi.lib : e_pow.obj (.const:$O1$$)

.cinit     0    00002870    000000d8     
                  00002870    000000b1     (.cinit..data.load) [load image, compression = lzss]
                  00002921    00000003     --HOLE-- [fill = 0]
                  00002924    0000000c     (__TI_handler_table)
                  00002930    00000008     (.cinit..bss.load) [load image, compression = zero_init]
                  00002938    00000010     (__TI_cinit_table)

.init_array 
*          0    00000000    00000000     UNINITIALIZED

.data      0    20000200    0000013c     UNINITIALIZED
                  20000200    00000040     main.obj (.data:A0)
                  20000240    00000014     main.obj (.data:A3)
                  20000254    00000014     main.obj (.data:LED_state)
                  20000268    00000014     main.obj (.data)
                  2000027c    00000010     main.obj (.data:A1)
                  2000028c    00000010     main.obj (.data:A2)
                  2000029c    0000000c     rtsv7M4_T_le_v4SPD16_eabi.lib : exit.obj (.data:$O1$$)
                  200002a8    0000000c     main.obj (.data:A4)
                  200002b4    0000000c     main.obj (.data:LED_1_g)
                  200002c0    0000000c     main.obj (.data:LED_1_x)
                  200002cc    0000000c     main.obj (.data:LED_2_g)
                  200002d8    0000000c     main.obj (.data:LED_2_x)
                  200002e4    0000000c     main.obj (.data:LED_3_g)
                  200002f0    0000000c     main.obj (.data:LED_3_x)
                  200002fc    0000000c     main.obj (.data:LED_4_g)
                  20000308    0000000c     main.obj (.data:LED_4_x)
                  20000314    0000000c     main.obj (.data:anode)
                  20000320    0000000c     queue.obj (.data)
                  2000032c    00000008     rtsv7M4_T_le_v4SPD16_eabi.lib : _lock.obj (.data:$O1$$)
                  20000334    00000004                                   : errno.obj (.data)
                  20000338    00000004                                   : stkdepth_vars.obj (.data)

.bss       0    2000033c    00000022     UNINITIALIZED
                  2000033c    00000008     (.common:intArray)
                  20000344    00000008     (.common:states)
                  2000034c    00000004     (.common:average_1)
                  20000350    00000004     (.common:average_2)
                  20000354    00000004     (.common:jump_timer)
                  20000358    00000002     (.common:jump_start)
                  2000035a    00000001     (.common:NIQ)
                  2000035b    00000001     (.common:flag)
                  2000035c    00000001     (.common:qflag)
                  2000035d    00000001     (.common:stop_flag)

.stack     0    20000000    00000200     UNINITIALIZED
                  20000000    00000200     --HOLE--

MODULE SUMMARY

       Module                         code   ro data   rw data
       ------                         ----   -------   -------
    ./
       main.obj                       4000   0         302    
       tm4c123gh6pm_startup_ccs.obj   12     620       0      
       SysTick_16.obj                 172    0         0      
       queue.obj                      144    0         20     
    +--+------------------------------+------+---------+---------+
       Total:                         4328   620       322    
                                                              
    /opt/ti/ccsv7/tools/compiler/ti-cgt-arm_16.9.1.LTS/lib/rtsv7M4_T_le_v4SPD16_eabi.lib
       e_pow.obj                      2476   48        0      
       fd_add_t2.obj                  438    0         0      
       e_sqrt.obj                     368    0         0      
       fd_div_t2.obj                  310    0         0      
       fd_cmp_t2.obj                  268    0         0      
       fd_mul_t2.obj                  252    0         0      
       s_scalbn.obj                   252    0         0      
       memcpy_t2.obj                  156    0         0      
       memset_t2.obj                  122    0         0      
       autoinit.obj                   112    0         0      
       copy_decompress_lzss.obj       104    0         0      
       exit.obj                       84     0         12     
       boot.obj                       84     0         0      
       cpy_tbl.obj                    76     0         0      
       fd_tou_t2.obj                  68     0         0      
       i_tofd_t2.obj                  46     0         0      
       u_tofd_t2.obj                  32     0         0      
       _lock.obj                      20     0         8      
       args_main.obj                  24     0         0      
       s_copysign.obj                 20     0         0      
       copy_decompress_none.obj       14     0         0      
       copy_zero_init.obj             12     0         0      
       errno.obj                      0      0         4      
       pre_init.obj                   4      0         0      
       stkdepth_vars.obj              0      0         4      
       mpu_init.obj                   2      0         0      
       startup.obj                    2      0         0      
    +--+------------------------------+------+---------+---------+
       Total:                         5346   48        28     
                                                              
       Stack:                         0      0         512    
       Linker Generated:              0      213       0      
    +--+------------------------------+------+---------+---------+
       Grand Total:                   9674   881       862    


LINKER GENERATED COPY TABLES

__TI_cinit_table @ 00002938 records: 2, size/record: 8, table size: 16
	.data: load addr=00002870, load size=000000b1 bytes, run addr=20000200, run size=0000013c bytes, compression=lzss
	.bss: load addr=00002930, load size=00000008 bytes, run addr=2000033c, run size=00000022 bytes, compression=zero_init


LINKER GENERATED HANDLER TABLE

__TI_handler_table @ 00002924 records: 3, size/record: 4, table size: 12
	index: 0, handler: __TI_decompress_lzss
	index: 1, handler: __TI_decompress_none
	index: 2, handler: __TI_zero_init


GLOBAL SYMBOLS: SORTED ALPHABETICALLY BY Name 

address   name                           
-------   ----                           
20000200  A0                             
2000027c  A1                             
2000028c  A2                             
20000240  A3                             
200002a8  A4                             
0000269d  C$$EXIT                        
20000268  Counts                         
00000e89  Data_Display                   
00000311  I2C0_Init                      
00000365  I2C0_send_Recv                 
000003d9  I2C1_Init                      
0000042d  I2C1_send_Recv                 
200002b4  LED_1_g                        
200002c0  LED_1_x                        
200002cc  LED_2_g                        
200002d8  LED_2_x                        
200002e4  LED_3_g                        
200002f0  LED_3_x                        
200002fc  LED_4_g                        
20000308  LED_4_x                        
00000c39  LED_Display                    
00000501  LED_init                       
20000254  LED_state                      
2000035a  NIQ                            
0000282b  ResetISR                       
UNDEFED   SHT$$INIT_ARRAY$$Base          
UNDEFED   SHT$$INIT_ARRAY$$Limit         
00000aa1  Scheduler_test_case            
00002231  SysTick_Handler                
00002211  SysTick_Init                   
00002239  SysTick_Wait                   
0000225f  SysTick_Wait10ms               
00002285  SysTick_Wait1ms                
000004a1  UART_init                      
00000543  UART_send                      
20000200  __STACK_END                    
00000200  __STACK_SIZE                   
20000200  __STACK_TOP                    
00002938  __TI_CINIT_Base                
00002948  __TI_CINIT_Limit               
00002924  __TI_Handler_Table_Base        
00002930  __TI_Handler_Table_Limit       
00002571  __TI_auto_init                 
2000029c  __TI_cleanup_ptr               
000025e1  __TI_decompress_lzss           
00002811  __TI_decompress_none           
200002a0  __TI_dtors_ptr                 
200002a4  __TI_enable_exit_profile_output
ffffffff  __TI_pprof_out_hndl            
ffffffff  __TI_prof_data_size            
ffffffff  __TI_prof_data_start           
00000000  __TI_static_base__             
0000281f  __TI_zero_init                 
000023e9  __aeabi_cdcmpeq                
000023e9  __aeabi_cdcmple                
0000246f  __aeabi_cdrcmple               
0000273d  __aeabi_d2uiz                  
00001bc3  __aeabi_dadd                   
00001ee1  __aeabi_ddiv                   
00002017  __aeabi_dmul                   
00001bb9  __aeabi_dsub                   
00002781  __aeabi_i2d                    
000024f5  __aeabi_memclr                 
000024f5  __aeabi_memclr4                
000024f5  __aeabi_memclr8                
000022bd  __aeabi_memcpy                 
000022bd  __aeabi_memcpy4                
000022bd  __aeabi_memcpy8                
000024f7  __aeabi_memset                 
000024f7  __aeabi_memset4                
000024f7  __aeabi_memset8                
000027af  __aeabi_ui2d                   
ffffffff  __binit__                      
ffffffff  __c_args__                     
00001d6f  __mpu_init                     
20000000  __stack                        
000027d1  _args_main                     
00002649  _c_int00                       
2000032c  _lock                          
000027f7  _nop                           
000027ef  _register_lock                 
000027e9  _register_unlock               
00002113  _system_post_cinit             
00002837  _system_pre_init               
20000330  _unlock                        
000026a1  abort                          
20000314  anode                          
2000034c  average_1                      
20000350  average_2                      
ffffffff  binit                          
0000055f  conver                         
00000715  converter_new                  
000026f1  copy_in                        
000027fd  copysign                       
000027fd  copysignl                      
00000521  delay                          
20000334  errno                          
000026a9  exit                           
2000035b  flag                           
20000320  front                          
00000000  g_pfnVectors                   
20000274  i                              
0000026d  init_gpio                      
2000033c  intArray                       
00002359  isFull                         
20000328  itemCount                      
20000278  j                              
2000026c  jump_flag                      
20000358  jump_start                     
20000354  jump_timer                     
00002115  ldexp                          
00002115  ldexpl                         
0000113d  main                           
20000338  main_func_sp                   
000022bd  memcpy                         
000024fd  memset                         
000023a5  pop                            
0000120d  pow                            
0000120d  powl                           
00000611  printString                    
0000236f  push                           
2000035c  qflag                          
20000270  ready_to_jmp                   
20000324  rear                           
00002115  scalbn                         
00002115  scalbnl                        
00000949  scheduler                      
000007e1  slicer                         
00001d71  sqrt                           
00001d71  sqrtl                          
20000344  states                         
2000035d  stop_flag                      
0000067d  tostring                       
00000bf1  turn_off                       


GLOBAL SYMBOLS: SORTED BY Symbol Address 

address   name                           
-------   ----                           
00000000  __TI_static_base__             
00000000  g_pfnVectors                   
00000200  __STACK_SIZE                   
0000026d  init_gpio                      
00000311  I2C0_Init                      
00000365  I2C0_send_Recv                 
000003d9  I2C1_Init                      
0000042d  I2C1_send_Recv                 
000004a1  UART_init                      
00000501  LED_init                       
00000521  delay                          
00000543  UART_send                      
0000055f  conver                         
00000611  printString                    
0000067d  tostring                       
00000715  converter_new                  
000007e1  slicer                         
00000949  scheduler                      
00000aa1  Scheduler_test_case            
00000bf1  turn_off                       
00000c39  LED_Display                    
00000e89  Data_Display                   
0000113d  main                           
0000120d  pow                            
0000120d  powl                           
00001bb9  __aeabi_dsub                   
00001bc3  __aeabi_dadd                   
00001d6f  __mpu_init                     
00001d71  sqrt                           
00001d71  sqrtl                          
00001ee1  __aeabi_ddiv                   
00002017  __aeabi_dmul                   
00002113  _system_post_cinit             
00002115  ldexp                          
00002115  ldexpl                         
00002115  scalbn                         
00002115  scalbnl                        
00002211  SysTick_Init                   
00002231  SysTick_Handler                
00002239  SysTick_Wait                   
0000225f  SysTick_Wait10ms               
00002285  SysTick_Wait1ms                
000022bd  __aeabi_memcpy                 
000022bd  __aeabi_memcpy4                
000022bd  __aeabi_memcpy8                
000022bd  memcpy                         
00002359  isFull                         
0000236f  push                           
000023a5  pop                            
000023e9  __aeabi_cdcmpeq                
000023e9  __aeabi_cdcmple                
0000246f  __aeabi_cdrcmple               
000024f5  __aeabi_memclr                 
000024f5  __aeabi_memclr4                
000024f5  __aeabi_memclr8                
000024f7  __aeabi_memset                 
000024f7  __aeabi_memset4                
000024f7  __aeabi_memset8                
000024fd  memset                         
00002571  __TI_auto_init                 
000025e1  __TI_decompress_lzss           
00002649  _c_int00                       
0000269d  C$$EXIT                        
000026a1  abort                          
000026a9  exit                           
000026f1  copy_in                        
0000273d  __aeabi_d2uiz                  
00002781  __aeabi_i2d                    
000027af  __aeabi_ui2d                   
000027d1  _args_main                     
000027e9  _register_unlock               
000027ef  _register_lock                 
000027f7  _nop                           
000027fd  copysign                       
000027fd  copysignl                      
00002811  __TI_decompress_none           
0000281f  __TI_zero_init                 
0000282b  ResetISR                       
00002837  _system_pre_init               
00002924  __TI_Handler_Table_Base        
00002930  __TI_Handler_Table_Limit       
00002938  __TI_CINIT_Base                
00002948  __TI_CINIT_Limit               
20000000  __stack                        
20000200  A0                             
20000200  __STACK_END                    
20000200  __STACK_TOP                    
20000240  A3                             
20000254  LED_state                      
20000268  Counts                         
2000026c  jump_flag                      
20000270  ready_to_jmp                   
20000274  i                              
20000278  j                              
2000027c  A1                             
2000028c  A2                             
2000029c  __TI_cleanup_ptr               
200002a0  __TI_dtors_ptr                 
200002a4  __TI_enable_exit_profile_output
200002a8  A4                             
200002b4  LED_1_g                        
200002c0  LED_1_x                        
200002cc  LED_2_g                        
200002d8  LED_2_x                        
200002e4  LED_3_g                        
200002f0  LED_3_x                        
200002fc  LED_4_g                        
20000308  LED_4_x                        
20000314  anode                          
20000320  front                          
20000324  rear                           
20000328  itemCount                      
2000032c  _lock                          
20000330  _unlock                        
20000334  errno                          
20000338  main_func_sp                   
2000033c  intArray                       
20000344  states                         
2000034c  average_1                      
20000350  average_2                      
20000354  jump_timer                     
20000358  jump_start                     
2000035a  NIQ                            
2000035b  flag                           
2000035c  qflag                          
2000035d  stop_flag                      
ffffffff  __TI_pprof_out_hndl            
ffffffff  __TI_prof_data_size            
ffffffff  __TI_prof_data_start           
ffffffff  __binit__                      
ffffffff  __c_args__                     
ffffffff  binit                          
UNDEFED   SHT$$INIT_ARRAY$$Base          
UNDEFED   SHT$$INIT_ARRAY$$Limit         

[134 symbols]
